{
  "version": "1.5.0",
  "plugins_used": [
    {
      "name": "ArtifactoryDetector"
    },
    {
      "name": "AWSKeyDetector"
    },
    {
      "name": "Base64HighEntropyString",
      "limit": 4.5
    },
    {
      "name": "BasicAuthDetector"
    },
    {
      "name": "CloudantDetector"
    },
    {
      "name": "HexHighEntropyString",
      "limit": 3
    },
    {
      "name": "IbmCloudIamDetector"
    },
    {
      "name": "IbmCosHmacDetector"
    },
    {
      "name": "JwtTokenDetector"
    },
    {
      "name": "KeywordDetector",
      "keyword_exclude": ""
    },
    {
      "name": "MailchimpDetector"
    },
    {
      "name": "PrivateKeyDetector"
    },
    {
      "name": "SlackDetector"
    },
    {
      "name": "SoftlayerDetector"
    },
    {
      "name": "StripeDetector"
    },
    {
      "name": "TwilioKeyDetector"
    }
  ],
  "filters_used": [
    {
      "path": "detect_secrets.filters.allowlist.is_line_allowlisted"
    },
    {
      "path": "detect_secrets.filters.common.is_baseline_file",
      "filename": ".secrets.baseline"
    },
    {
      "path": "detect_secrets.filters.common.is_ignored_due_to_verification_policies",
      "min_level": 2
    },
    {
      "path": "detect_secrets.filters.heuristic.is_indirect_reference"
    },
    {
      "path": "detect_secrets.filters.heuristic.is_likely_id_string"
    },
    {
      "path": "detect_secrets.filters.heuristic.is_lock_file"
    },
    {
      "path": "detect_secrets.filters.heuristic.is_not_alphanumeric_string"
    },
    {
      "path": "detect_secrets.filters.heuristic.is_potential_uuid"
    },
    {
      "path": "detect_secrets.filters.heuristic.is_prefixed_with_dollar_sign"
    },
    {
      "path": "detect_secrets.filters.heuristic.is_sequential_string"
    },
    {
      "path": "detect_secrets.filters.heuristic.is_swagger_file"
    },
    {
      "path": "detect_secrets.filters.heuristic.is_templated_secret"
    }
  ],
  "results": {
    "jupyter-jcoin/resources/JCOIN_Tracking_Opioid_Stigma.ipynb": [
      {
        "type": "Base64 High Entropy String",
        "filename": "jupyter-jcoin/resources/JCOIN_Tracking_Opioid_Stigma.ipynb",
        "hashed_secret": "cd9f822dc0db08bc0870df0c4b62941ae66510e7",
        "is_verified": false,
        "line_number": 812
      },
      {
        "type": "Base64 High Entropy String",
        "filename": "jupyter-jcoin/resources/JCOIN_Tracking_Opioid_Stigma.ipynb",
        "hashed_secret": "b8aece89018b37b775d125047fa9b8e616f72a1e",
        "is_verified": false,
        "line_number": 1049
      },
      {
        "type": "Base64 High Entropy String",
        "filename": "jupyter-jcoin/resources/JCOIN_Tracking_Opioid_Stigma.ipynb",
        "hashed_secret": "c0d2b606eddb01acc7627d0ece549c705f709376",
        "is_verified": false,
        "line_number": 1398
      },
      {
        "type": "Base64 High Entropy String",
        "filename": "jupyter-jcoin/resources/JCOIN_Tracking_Opioid_Stigma.ipynb",
        "hashed_secret": "3d589fb1cd399f55fb80c6bdf76bf59461e7a1b9",
        "is_verified": false,
        "line_number": 1747
      }
    ],
    "jupyter-prometheus/combined_demos/PDC_clustergram.ipynb": [
      {
        "type": "Base64 High Entropy String",
        "filename": "jupyter-prometheus/combined_demos/PDC_clustergram.ipynb",
        "hashed_secret": "139f9efbbdc10f47a2fc84bbe6cfc9cec728e3a8",
        "is_verified": false,
        "line_number": 444
      },
      {
        "type": "Base64 High Entropy String",
        "filename": "jupyter-prometheus/combined_demos/PDC_clustergram.ipynb",
        "hashed_secret": "d0c282874696c3a205ebceee52820fec9a6a7c80",
        "is_verified": false,
        "line_number": 501
      }
    ],
    "jupyter-prometheus/combined_demos/TCIA_notebook.ipynb": [
      {
        "type": "Base64 High Entropy String",
        "filename": "jupyter-prometheus/combined_demos/TCIA_notebook.ipynb",
        "hashed_secret": "dc6d06fd365871d41f94d672551e8335739f474e",
        "is_verified": false,
        "line_number": 805
      },
      {
        "type": "Base64 High Entropy String",
        "filename": "jupyter-prometheus/combined_demos/TCIA_notebook.ipynb",
        "hashed_secret": "3fef9bf84ed1aebe2a5b120c09ae2cc840e68c0d",
        "is_verified": false,
        "line_number": 856
      },
      {
        "type": "Base64 High Entropy String",
        "filename": "jupyter-prometheus/combined_demos/TCIA_notebook.ipynb",
        "hashed_secret": "7db075bc2f2b88bff8b3511c4d65134923125ba7",
        "is_verified": false,
        "line_number": 971
      },
      {
        "type": "Base64 High Entropy String",
        "filename": "jupyter-prometheus/combined_demos/TCIA_notebook.ipynb",
        "hashed_secret": "3cfd046f488b7b02ca94694006678b0fcc60bdca",
        "is_verified": false,
        "line_number": 1021
      }
    ],
    "jupyter-prometheus/combined_demos/logistical_regression_TCGA.ipynb": [
      {
        "type": "Base64 High Entropy String",
        "filename": "jupyter-prometheus/combined_demos/logistical_regression_TCGA.ipynb",
        "hashed_secret": "ce2344ff6767442abeb7aebc95f99b3d6626dd76",
        "is_verified": false,
        "line_number": 2831
      }
    ],
    "jupyter-prometheus/combined_demos/metabolomics_notebook.ipynb": [
      {
        "type": "Base64 High Entropy String",
        "filename": "jupyter-prometheus/combined_demos/metabolomics_notebook.ipynb",
        "hashed_secret": "ff4b39ad08dcbd3a41407ab9b12da6dc044e3987",
        "is_verified": false,
        "line_number": 589
      },
      {
        "type": "Base64 High Entropy String",
        "filename": "jupyter-prometheus/combined_demos/metabolomics_notebook.ipynb",
        "hashed_secret": "d50a93fd966b0066db26e63e7c0a2a8f79462b6f",
        "is_verified": false,
        "line_number": 599
      },
      {
        "type": "Base64 High Entropy String",
        "filename": "jupyter-prometheus/combined_demos/metabolomics_notebook.ipynb",
        "hashed_secret": "bc2ae996971f9d7a29306ddb91003b942706996b",
        "is_verified": false,
        "line_number": 609
      },
      {
        "type": "Base64 High Entropy String",
        "filename": "jupyter-prometheus/combined_demos/metabolomics_notebook.ipynb",
        "hashed_secret": "e3cbb443b78d54a575cbbdf795ae391398796fc5",
        "is_verified": false,
        "line_number": 619
      },
      {
        "type": "Base64 High Entropy String",
        "filename": "jupyter-prometheus/combined_demos/metabolomics_notebook.ipynb",
        "hashed_secret": "e75320feeeb9d2031e76552c18648473fc9b4460",
        "is_verified": false,
        "line_number": 629
      },
      {
        "type": "Base64 High Entropy String",
        "filename": "jupyter-prometheus/combined_demos/metabolomics_notebook.ipynb",
        "hashed_secret": "760214ae2f49e353c3663f179e6d2fb44675af0c",
        "is_verified": false,
        "line_number": 639
      },
      {
        "type": "Base64 High Entropy String",
        "filename": "jupyter-prometheus/combined_demos/metabolomics_notebook.ipynb",
        "hashed_secret": "0de37d41b6c375b39b290ef4c9a364581fb8a97c",
        "is_verified": false,
        "line_number": 730
      },
      {
        "type": "Base64 High Entropy String",
        "filename": "jupyter-prometheus/combined_demos/metabolomics_notebook.ipynb",
        "hashed_secret": "33b0dd06fd7701f9942ca5cfbd930a89e00b8a12",
        "is_verified": false,
        "line_number": 828
      },
      {
        "type": "Base64 High Entropy String",
        "filename": "jupyter-prometheus/combined_demos/metabolomics_notebook.ipynb",
        "hashed_secret": "2fc219659d381f7ba2af0ae0a8d2fddfbb10fb28",
        "is_verified": false,
        "line_number": 919
      },
      {
        "type": "Base64 High Entropy String",
        "filename": "jupyter-prometheus/combined_demos/metabolomics_notebook.ipynb",
        "hashed_secret": "b66a64ea87fdfaafaa7e0649d3ed24ed93622399",
        "is_verified": false,
        "line_number": 929
      },
      {
        "type": "Base64 High Entropy String",
        "filename": "jupyter-prometheus/combined_demos/metabolomics_notebook.ipynb",
        "hashed_secret": "361a7e7ec659301619c6b689fa403934c9fb4938",
        "is_verified": false,
        "line_number": 939
      }
    ],
    "jupyter-prometheus/combined_demos/protein_rna_embeddings_api.mc2dp.ipynb": [
      {
        "type": "Base64 High Entropy String",
        "filename": "jupyter-prometheus/combined_demos/protein_rna_embeddings_api.mc2dp.ipynb",
        "hashed_secret": "6447b194f70a65891bf4a0ac2db80c6bec58f382",
        "is_verified": false,
        "line_number": 256974
      }
    ],
    "vlmd-submission-tools/tests/test_common_utils.py": [
      {
        "type": "Secret Keyword",
        "filename": "vlmd-submission-tools/tests/test_common_utils.py",
        "hashed_secret": "42828dbcc6b96bdd2ba1fa58759f6a13d25c9670",
        "is_verified": false,
        "line_number": 16
      },
      {
        "type": "Secret Keyword",
        "filename": "vlmd-submission-tools/tests/test_common_utils.py",
        "hashed_secret": "4ed9409c478d335091fca530fe96e2274d6ce02d",
        "is_verified": false,
        "line_number": 17
      },
      {
        "type": "Secret Keyword",
        "filename": "vlmd-submission-tools/tests/test_common_utils.py",
        "hashed_secret": "37e94c31b6a756ba2afd2fe9a9765172cd79ac47",
        "is_verified": false,
        "line_number": 19
      },
      {
        "type": "Secret Keyword",
        "filename": "vlmd-submission-tools/tests/test_common_utils.py",
        "hashed_secret": "fcdc2e835b7d67dda7308d7f14be39e60d69e9b0",
        "is_verified": false,
        "line_number": 23
      },
      {
        "type": "Secret Keyword",
        "filename": "vlmd-submission-tools/tests/test_common_utils.py",
        "hashed_secret": "8318df9ecda039deac9868adf1944a29a95c7114",
        "is_verified": false,
        "line_number": 102
      }
    ],
    "vlmd-submission-tools/tests/test_subcommand_get_dictionary_url.py": [
      {
        "type": "Secret Keyword",
        "filename": "vlmd-submission-tools/tests/test_subcommand_get_dictionary_url.py",
        "hashed_secret": "8318df9ecda039deac9868adf1944a29a95c7114",
        "is_verified": false,
        "line_number": 55
      }
    ],
    "vlmd-submission-tools/tests/test_subcommand_upload_dictionary_to_mds.py": [
      {
        "type": "Secret Keyword",
        "filename": "vlmd-submission-tools/tests/test_subcommand_upload_dictionary_to_mds.py",
        "hashed_secret": "8318df9ecda039deac9868adf1944a29a95c7114",
        "is_verified": false,
        "line_number": 61
      }
    ],
    "vlmd-submission-tools/vlmd_submission_tools/common/config.py": [
      {
        "type": "Secret Keyword",
        "filename": "vlmd-submission-tools/vlmd_submission_tools/common/config.py",
        "hashed_secret": "df154378cdb95ea47c440a1f676d2e73f6f4b245",
        "is_verified": false,
        "line_number": 8
      },
      {
        "type": "Secret Keyword",
        "filename": "vlmd-submission-tools/vlmd_submission_tools/common/config.py",
        "hashed_secret": "4ed9409c478d335091fca530fe96e2274d6ce02d",
        "is_verified": false,
        "line_number": 9
      },
      {
        "type": "Secret Keyword",
        "filename": "vlmd-submission-tools/vlmd_submission_tools/common/config.py",
        "hashed_secret": "8318df9ecda039deac9868adf1944a29a95c7114",
        "is_verified": false,
        "line_number": 15
      }
    ]
  },
  "generated_at": "2026-06-29T18:24:48Z"
}
